// Jest Snapshot v1, https://goo.gl/fbAQLP

exports[`WjtSpacesClient getBucketContents should return the bucket contents 1`] = `
[
  {
    "ETag": "etag",
    "Key": "image-1.jpg",
    "LastModified": 2024-12-25T00:00:00.000Z,
    "Size": 123,
    "StorageClass": "STANDARD",
  },
]
`;
