// Jest Snapshot v1, https://goo.gl/fbAQLP

exports[`utils getBufferFromPath should return a buffer from a file path 1`] = `
{
  "data": [
    99,
    111,
    110,
    116,
    101,
    110,
    116,
  ],
  "type": "Buffer",
}
`;
